// Jest Snapshot v1, https://goo.gl/fbAQLP

exports[`renders correctly 1`] = `
<View
  accessibilityState={
    {
      "busy": undefined,
      "checked": undefined,
      "disabled": true,
      "expanded": undefined,
      "selected": undefined,
    }
  }
  accessibilityValue={
    {
      "max": undefined,
      "min": undefined,
      "now": undefined,
      "text": undefined,
    }
  }
  accessible={true}
  collapsable={false}
  focusable={true}
  onClick={[Function]}
  onResponderGrant={[Function]}
  onResponderMove={[Function]}
  onResponderRelease={[Function]}
  onResponderTerminate={[Function]}
  onResponderTerminationRequest={[Function]}
  onStartShouldSetResponder={[Function]}
  style={
    {
      "alignItems": "center",
      "borderBottomLeftRadius": 8,
      "borderBottomRightRadius": 8,
      "borderTopLeftRadius": 8,
      "borderTopRightRadius": 8,
      "justifyContent": "center",
      "opacity": 1,
      "paddingBottom": 8,
      "paddingLeft": 8,
      "paddingRight": 8,
      "paddingTop": 8,
    }
  }
>
  <Text
    style={
      [
        {
          "borderBottomLeftRadius": 8,
          "borderBottomRightRadius": 8,
          "borderTopLeftRadius": 8,
          "borderTopRightRadius": 8,
        },
        {
          "fontWeight": "700",
        },
      ]
    }
  />
</View>
`;
