// Jest Snapshot v1, https://goo.gl/fbAQLP

exports[`renders correctly 1`] = `
<View
  accessibilityState={
    {
      "busy": undefined,
      "checked": undefined,
      "disabled": undefined,
      "expanded": undefined,
      "selected": undefined,
    }
  }
  accessibilityValue={
    {
      "max": undefined,
      "min": undefined,
      "now": undefined,
      "text": undefined,
    }
  }
  accessible={true}
  collapsable={false}
  focusable={true}
  onClick={[Function]}
  onResponderGrant={[Function]}
  onResponderMove={[Function]}
  onResponderRelease={[Function]}
  onResponderTerminate={[Function]}
  onResponderTerminationRequest={[Function]}
  onStartShouldSetResponder={[Function]}
  style={
    {
      "alignItems": "center",
      "backgroundColor": "#fff",
      "borderBottomLeftRadius": 8,
      "borderBottomRightRadius": 8,
      "borderTopLeftRadius": 8,
      "borderTopRightRadius": 8,
      "display": "flex",
      "height": 370,
      "justifyContent": "space-between",
      "marginBottom": 16,
      "opacity": 1,
      "paddingBottom": 12,
      "paddingLeft": 12,
      "paddingRight": 12,
      "paddingTop": 12,
      "width": "100%",
    }
  }
>
  <Image
    source={
      {
        "uri": "https://s3-eu-west-1.amazonaws.com/api.themeshplatform.com/media/7e386191b2ee40b290886a05d3e10e24_nike-air-relentless-a.jpg",
      }
    }
    style={
      [
        {
          "width": "100%",
        },
        {
          "height": 250,
        },
        {
          "borderBottomLeftRadius": 8,
          "borderBottomRightRadius": 8,
          "borderTopLeftRadius": 8,
          "borderTopRightRadius": 8,
        },
      ]
    }
  />
  <View
    style={
      [
        {
          "justifyContent": "center",
        },
        {
          "alignItems": "center",
        },
      ]
    }
  >
    <Text
      style={
        [
          {
            "fontSize": 30,
            "lineHeight": 36,
          },
          {
            "color": "#000",
          },
          {
            "fontWeight": "700",
          },
        ]
      }
    >
      Nike
    </Text>
    <Text
      style={
        [
          {
            "marginTop": 4,
          },
          {
            "color": "#000",
          },
        ]
      }
    >
      IN STOCK
    </Text>
    <Text
      style={
        [
          {
            "marginTop": 4,
          },
          {
            "fontSize": 24,
            "lineHeight": 32,
          },
          {
            "color": "#ff8626",
          },
          {
            "fontWeight": "700",
          },
        ]
      }
    >
      GBP 45.00
    </Text>
  </View>
</View>
`;
