// Jest Snapshot v1, https://goo.gl/fbAQLP

exports[`renders correctly 1`] = `
<View
  style={
    [
      {
        "width": 24,
      },
      {
        "height": 24,
      },
      {
        "backgroundColor": "#fff",
      },
      {
        "borderBottomLeftRadius": 9999,
        "borderBottomRightRadius": 9999,
        "borderTopLeftRadius": 9999,
        "borderTopRightRadius": 9999,
      },
      {
        "backgroundColor": "#ef4444",
      },
      {
        "justifyContent": "center",
      },
      {
        "alignItems": "center",
      },
      {
        "fontWeight": "700",
      },
    ]
  }
>
  <Text
    style={
      [
        {
          "color": "#fff",
        },
        {
          "textAlign": "center",
        },
      ]
    }
  >
    0
  </Text>
</View>
`;
